2025-10-10 18:19:00 | DEBUG | repo=pv243-2015-cdi-seminar | action=test | passed=true
2025-12-20 20:25:00 | INFO | repo=pv243-2015-cdi-seminar | action=commit
2025-10-03 07:24:00 | INFO | repo=pv243-2015-cdi-seminar | action=test | passed=true
2025-01-04 07:47:00 | DEBUG | repo=pv243-2015-cdi-seminar | action=pull
2025-08-17 17:40:00 | DEBUG | repo=pv243-2015-cdi-seminar | action=commit
2025-03-07 17:38:00 | DEBUG | repo=pv243-2015-cdi-seminar | action=commit
2025-08-26 16:26:00 | INFO | repo=pv243-2015-cdi-seminar | action=commit
2025-12-22 17:09:00 | INFO | repo=pv243-2015-cdi-seminar | action=commit
2025-05-01 19:27:00 | INFO | repo=pv243-2015-cdi-seminar | action=commit
2025-10-05 07:57:00 | WARN | repo=pv243-2015-cdi-seminar | action=commit
2025-01-01 11:27:00 | WARN | repo=pv243-2015-cdi-seminar | action=pull
2025-10-17 19:47:00 | DEBUG | repo=pv243-2015-cdi-seminar | action=commit
2025-02-16 11:21:00 | DEBUG | repo=pv243-2015-cdi-seminar | action=commit
2025-10-28 12:28:00 | WARN | repo=pv243-2015-cdi-seminar | action=pull
2025-11-08 18:50:00 | DEBUG | repo=pv243-2015-cdi-seminar | action=edit | files=2
2025-11-02 14:16:00 | INFO | repo=pv243-2015-cdi-seminar | action=pull
2025-07-01 12:21:00 | WARN | repo=pv243-2015-cdi-seminar | action=edit | files=3
2025-01-18 19:16:00 | DEBUG | repo=pv243-2015-cdi-seminar | action=commit
2025-07-09 18:38:00 | WARN | repo=pv243-2015-cdi-seminar | action=commit
2025-10-12 09:50:00 | WARN | repo=pv243-2015-cdi-seminar | action=test | passed=true
2025-04-01 19:36:00 | DEBUG | repo=pv243-2015-cdi-seminar | action=commit
2025-04-23 17:14:00 | DEBUG | repo=pv243-2015-cdi-seminar | action=commit
2025-08-15 15:28:00 | DEBUG | repo=pv243-2015-cdi-seminar | action=commit
2025-01-14 16:36:00 | INFO | repo=pv243-2015-cdi-seminar | action=commit
